{'scenario': 'S2', 'variant': 'production', 'snr_regolith_sys1e3': 1.2097779406446456, 't_max_s': 47.0, 'snr_regolith_sys1e2': 0.1262618896400352, 'snr_fine_rich_sys1e3': 8.725236166396229, 'M_vis_max_kg': 182.28411048478569, 'v_lo_m_s': 91.67609301811618, 'n_particles': 5376, 'seconds': 3.1}
{'scenario': 'S2', 'variant': 'fine cell 25 m', 'snr_regolith_sys1e3': 1.2099594817240682, 't_max_s': 47.0, 'snr_regolith_sys1e2': 0.12630018356794603, 'snr_fine_rich_sys1e3': 8.726372942752413, 'M_vis_max_kg': 182.28411048478569, 'v_lo_m_s': 91.67609301811618, 'n_particles': 5376, 'seconds': 3.4}
{'scenario': 'S2', 'variant': 'fine cell 100 m', 'snr_regolith_sys1e3': 1.2094475471684458, 't_max_s': 47.0, 'snr_regolith_sys1e2': 0.12619208446467922, 'snr_fine_rich_sys1e3': 8.722942888178745, 'M_vis_max_kg': 182.28411048478569, 'v_lo_m_s': 91.67609301811618, 'n_particles': 5376, 'seconds': 2.6}
{'scenario': 'S2', 'variant': 'coarse cell 0.25 km', 'snr_regolith_sys1e3': 1.2202991395012295, 't_max_s': 47.0, 'snr_regolith_sys1e2': 0.12728644160791114, 'snr_fine_rich_sys1e3': 8.796217928575661, 'M_vis_max_kg': 182.28411048478569, 'v_lo_m_s': 91.67609301811618, 'n_particles': 5376, 'seconds': 9.5}
{'scenario': 'S2', 'variant': 'coarse cell 1 km', 'snr_regolith_sys1e3': 1.1910637730333686, 't_max_s': 49.0, 'snr_regolith_sys1e2': 0.12390622903129911, 'snr_fine_rich_sys1e3': 8.591431234230944, 'M_vis_max_kg': 182.28411048478569, 'v_lo_m_s': 91.67609301811618, 'n_particles': 5376, 'seconds': 1.5}
{'scenario': 'S2', 'variant': 'particles x8 (96 x 14 x 32)', 'snr_regolith_sys1e3': 1.1870247002888223, 't_max_s': 48.0, 'snr_regolith_sys1e2': 0.12361151014516986, 'snr_fine_rich_sys1e3': 8.562255316000691, 'M_vis_max_kg': 180.52479430387757, 'v_lo_m_s': 91.67609301811618, 'n_particles': 43008, 'seconds': 11.7}
{'scenario': 'S2', 'variant': 'time step x0.5', 'snr_regolith_sys1e3': 1.2126246306699873, 't_max_s': 47.0, 'snr_regolith_sys1e2': 0.1264475231457816, 'snr_fine_rich_sys1e3': 8.733846443322188, 'M_vis_max_kg': 182.28411048478569, 'v_lo_m_s': 91.67609301811618, 'n_particles': 5376, 'seconds': 3.4}
{'scenario': 'S2', 'variant': 'record step x0.5', 'snr_regolith_sys1e3': 1.2110216968414913, 't_max_s': 47.0, 'snr_regolith_sys1e2': 0.12633954610449333, 'snr_fine_rich_sys1e3': 8.734198786761622, 'M_vis_max_kg': 182.28411048478569, 'v_lo_m_s': 91.67609301811618, 'n_particles': 5376, 'seconds': 4.9}
{'scenario': 'S2', 'variant': 'speed floor 0.5 m/s', 'snr_regolith_sys1e3': 1.2097779406446456, 't_max_s': 47.0, 'snr_regolith_sys1e2': 0.1262618896400352, 'snr_fine_rich_sys1e3': 8.725236166396229, 'M_vis_max_kg': 182.28411048478569, 'v_lo_m_s': 91.67609301811618, 'n_particles': 5376, 'seconds': 2.8}
{'scenario': 'S2', 'variant': 'speed floor 2 m/s', 'snr_regolith_sys1e3': 1.2097779406446456, 't_max_s': 47.0, 'snr_regolith_sys1e2': 0.1262618896400352, 'snr_fine_rich_sys1e3': 8.725236166396229, 'M_vis_max_kg': 182.28411048478569, 'v_lo_m_s': 91.67609301811618, 'n_particles': 5376, 'seconds': 3.0}
{'scenario': 'S2', 'variant': 'speed floor 5 m/s', 'snr_regolith_sys1e3': 1.2097779406446456, 't_max_s': 47.0, 'snr_regolith_sys1e2': 0.1262618896400352, 'snr_fine_rich_sys1e3': 8.725236166396229, 'M_vis_max_kg': 182.28411048478569, 'v_lo_m_s': 91.67609301811618, 'n_particles': 5376, 'seconds': 2.7}
{'scenario': 'S2', 'variant': 'point source at t = 0', 'snr_regolith_sys1e3': 1.211359166782038, 't_max_s': 47.0, 'snr_regolith_sys1e2': 0.12630387861643141, 'snr_fine_rich_sys1e3': 8.736638298332887, 'M_vis_max_kg': 182.28411048478569, 'v_lo_m_s': 91.67609301811618, 'n_particles': 5376, 'seconds': 2.5}
{'scenario': 'S2', 'variant': 'window 0.1 s', 'snr_regolith_sys1e3': 0.9775248914433479, 't_max_s': 50.0, 'snr_regolith_sys1e2': 0.12590913391137093, 'snr_fine_rich_sys1e3': 7.04231223713682, 'M_vis_max_kg': 182.28411048478569, 'v_lo_m_s': 91.67609301811618, 'n_particles': 5376, 'seconds': 2.5}
{'scenario': 'S5', 'variant': 'production', 'snr_regolith_sys1e3': 0.5818647183097865, 't_max_s': 12.0, 'snr_regolith_sys1e2': 0.05822870289072588, 'snr_fine_rich_sys1e3': 2.428510270573749, 'M_vis_max_kg': 168606.36739614356, 'v_lo_m_s': 1.0, 'n_particles': 5376, 'seconds': 2.5}
{'scenario': 'S5', 'variant': 'fine cell 25 m', 'snr_regolith_sys1e3': 0.5614049152998073, 't_max_s': 12.0, 'snr_regolith_sys1e2': 0.05618123684804774, 'snr_fine_rich_sys1e3': 2.1995150125263296, 'M_vis_max_kg': 168606.36739614356, 'v_lo_m_s': 1.0, 'n_particles': 5376, 'seconds': 2.7}
{'scenario': 'S5', 'variant': 'fine cell 100 m', 'snr_regolith_sys1e3': 0.6022721024097825, 't_max_s': 12.0, 'snr_regolith_sys1e2': 0.06027092329345896, 'snr_fine_rich_sys1e3': 2.5212463460743684, 'M_vis_max_kg': 168606.36739614356, 'v_lo_m_s': 1.0, 'n_particles': 5376, 'seconds': 2.2}
{'scenario': 'S5', 'variant': 'coarse cell 0.25 km', 'snr_regolith_sys1e3': 0.5869178606325345, 't_max_s': 12.0, 'snr_regolith_sys1e2': 0.05873473682781594, 'snr_fine_rich_sys1e3': 2.4480766562879754, 'M_vis_max_kg': 168606.36739614356, 'v_lo_m_s': 1.0, 'n_particles': 5376, 'seconds': 8.7}
{'scenario': 'S5', 'variant': 'coarse cell 1 km', 'snr_regolith_sys1e3': 0.6275795342829181, 't_max_s': 12.0, 'snr_regolith_sys1e2': 0.06280745362821231, 'snr_fine_rich_sys1e3': 2.6185045447690434, 'M_vis_max_kg': 168606.36739614356, 'v_lo_m_s': 1.0, 'n_particles': 5376, 'seconds': 1.2}
{'scenario': 'S5', 'variant': 'particles x8 (96 x 14 x 32)', 'snr_regolith_sys1e3': 0.5841706105940105, 't_max_s': 12.0, 'snr_regolith_sys1e2': 0.05845945957112421, 'snr_fine_rich_sys1e3': 2.490011039687261, 'M_vis_max_kg': 160700.62184789512, 'v_lo_m_s': 1.0, 'n_particles': 43008, 'seconds': 8.5}
{'scenario': 'S5', 'variant': 'time step x0.5', 'snr_regolith_sys1e3': 0.5821489224050372, 't_max_s': 12.0, 'snr_regolith_sys1e2': 0.05825714393887581, 'snr_fine_rich_sys1e3': 2.429210818525187, 'M_vis_max_kg': 168606.36739614356, 'v_lo_m_s': 1.0, 'n_particles': 5376, 'seconds': 2.9}
{'scenario': 'S5', 'variant': 'record step x0.5', 'snr_regolith_sys1e3': 0.5827873680899949, 't_max_s': 12.0, 'snr_regolith_sys1e2': 0.05832103487071669, 'snr_fine_rich_sys1e3': 2.4325267134649002, 'M_vis_max_kg': 168606.36739614356, 'v_lo_m_s': 1.0, 'n_particles': 5376, 'seconds': 4.7}
{'scenario': 'S5', 'variant': 'speed floor 0.5 m/s', 'snr_regolith_sys1e3': 0.6067595661821206, 't_max_s': 12.0, 'snr_regolith_sys1e2': 0.0607199955598951, 'snr_fine_rich_sys1e3': 2.4468844291458063, 'M_vis_max_kg': 165048.59830462138, 'v_lo_m_s': 0.5, 'n_particles': 5376, 'seconds': 2.3}
{'scenario': 'S5', 'variant': 'speed floor 2 m/s', 'snr_regolith_sys1e3': 0.5807536278217733, 't_max_s': 12.0, 'snr_regolith_sys1e2': 0.05811751315572148, 'snr_fine_rich_sys1e3': 2.4279915624291215, 'M_vis_max_kg': 133806.49688260347, 'v_lo_m_s': 2.0, 'n_particles': 5376, 'seconds': 2.7}
{'scenario': 'S5', 'variant': 'speed floor 5 m/s', 'snr_regolith_sys1e3': 0.5783324300144325, 't_max_s': 11.0, 'snr_regolith_sys1e2': 0.057875217550782315, 'snr_fine_rich_sys1e3': 2.4372096306280016, 'M_vis_max_kg': 51149.715848591455, 'v_lo_m_s': 5.0, 'n_particles': 5376, 'seconds': 2.7}
{'scenario': 'S5', 'variant': 'point source at t = 0', 'snr_regolith_sys1e3': 0.574583853929714, 't_max_s': 11.0, 'snr_regolith_sys1e2': 0.057500087727235104, 'snr_fine_rich_sys1e3': 2.4239849951782326, 'M_vis_max_kg': 244110.4922798109, 'v_lo_m_s': 1.0, 'n_particles': 5376, 'seconds': 2.6}
{'scenario': 'S5', 'variant': 'window 0.1 s', 'snr_regolith_sys1e3': 0.5817469280059668, 't_max_s': 13.0, 'snr_regolith_sys1e2': 0.05860481043064901, 'snr_fine_rich_sys1e3': 2.4293392701177097, 'M_vis_max_kg': 168606.36739614356, 'v_lo_m_s': 1.0, 'n_particles': 5376, 'seconds': 2.3}
   scenario                      variant  snr_regolith_sys1e3  snr_regolith_sys1e2  snr_fine_rich_sys1e3  t_max_s  M_vis_max_kg  rel_d_snr_regolith
0        S2                   production                1.210                0.126                 8.725     47.0       182.284               0.000
1        S2               fine cell 25 m                1.210                0.126                 8.726     47.0       182.284               0.000
2        S2              fine cell 100 m                1.209                0.126                 8.723     47.0       182.284              -0.000
3        S2          coarse cell 0.25 km                1.220                0.127                 8.796     47.0       182.284               0.009
4        S2             coarse cell 1 km                1.191                0.124                 8.591     49.0       182.284              -0.015
5        S2  particles x8 (96 x 14 x 32)                1.187                0.124                 8.562     48.0       180.525              -0.019
6        S2               time step x0.5                1.213                0.126                 8.734     47.0       182.284               0.002
7        S2             record step x0.5                1.211                0.126                 8.734     47.0       182.284               0.001
8        S2          speed floor 0.5 m/s                1.210                0.126                 8.725     47.0       182.284               0.000
9        S2            speed floor 2 m/s                1.210                0.126                 8.725     47.0       182.284               0.000
10       S2            speed floor 5 m/s                1.210                0.126                 8.725     47.0       182.284               0.000
11       S2        point source at t = 0                1.211                0.126                 8.737     47.0       182.284               0.001
12       S2                 window 0.1 s                0.978                0.126                 7.042     50.0       182.284              -0.192
13       S5                   production                0.582                0.058                 2.429     12.0    168606.367               0.000
14       S5               fine cell 25 m                0.561                0.056                 2.200     12.0    168606.367              -0.035
15       S5              fine cell 100 m                0.602                0.060                 2.521     12.0    168606.367               0.035
16       S5          coarse cell 0.25 km                0.587                0.059                 2.448     12.0    168606.367               0.009
17       S5             coarse cell 1 km                0.628                0.063                 2.619     12.0    168606.367               0.079
18       S5  particles x8 (96 x 14 x 32)                0.584                0.058                 2.490     12.0    160700.622               0.004
19       S5               time step x0.5                0.582                0.058                 2.429     12.0    168606.367               0.000
20       S5             record step x0.5                0.583                0.058                 2.433     12.0    168606.367               0.002
21       S5          speed floor 0.5 m/s                0.607                0.061                 2.447     12.0    165048.598               0.043
22       S5            speed floor 2 m/s                0.581                0.058                 2.428     12.0    133806.497              -0.002
23       S5            speed floor 5 m/s                0.578                0.058                 2.437     11.0     51149.716              -0.006
24       S5        point source at t = 0                0.575                0.058                 2.424     11.0    244110.492              -0.013
25       S5                 window 0.1 s                0.582                0.059                 2.429     13.0    168606.367              -0.000
