               nondominated                                         nondominated_conservative                                        
strategy A_turkiye_priority B_global_science C_public_participation        A_turkiye_priority B_global_science C_public_participation
scenario                                                                                                                             
S1                     True             True                   True                      True             True                   True
S2                     True             True                   True                      True             True                   True
S3                     True             True                   True                      True             True                   True
S4                     True            False                   True                      True            False                   True
S5                     True            False                  False                      True            False                  False
S6                     True             True                   True                      True             True                   True
S7                     True             True                   True                      True             True                   True
S8                     True             True                   True                      True             True                   True
S9                     True            False                  False                      True            False                  False
S10                    True             True                   True                      True             True                   True
S11                    True            False                   True                      True            False                   True
                     p_live                                                p_two_indep                                           weight_recruited                                        
strategy A_turkiye_priority B_global_science C_public_participation A_turkiye_priority B_global_science C_public_participation A_turkiye_priority B_global_science C_public_participation
scenario                                                                                                                                                                                 
S1                    0.118            0.226                  0.248              0.211            0.466                  0.395               10.3             67.8                   17.8
S2                    0.036            0.069                  0.071              0.072            0.219                  0.140               10.3             67.8                   17.8
S3                    0.191            0.332                  0.351              0.336            0.500                  0.489               10.3             67.8                   17.8
S4                    0.174            0.174                  0.204              0.157            0.256                  0.305               10.3             67.8                   17.8
S5                    0.000            0.000                  0.000              0.000            0.000                  0.000               10.3             67.8                   17.8
S6                    0.158            0.272                  0.289              0.276            0.404                  0.401               10.3             67.8                   17.8
S7                    0.132            0.243                  0.266              0.224            0.484                  0.415               10.3             67.8                   17.8
S8                    0.011            0.023                  0.023              0.029            0.109                  0.054               10.3             67.8                   17.8
S9                    0.000            0.000                  0.000              0.000            0.000                  0.000               10.3             67.8                   17.8
S10                   0.060            0.123                  0.128              0.115            0.329                  0.220               10.3             67.8                   17.8
S11                   0.084            0.171                  0.195              0.157            0.274                  0.302               10.3             67.8                   17.8
