168 sessions; criterion: {'site': 'TUG', 'min_moon_alt_deg': 20, 'max_sun_alt_deg': -12, 'illum_min': 0.05, 'illum_max': 0.6, 'min_elongation_deg': 30, 'refine_step_minutes': 5}
                sessions  max_sites  mean_minutes
night_istanbul                                   
2027-05                5         15    127.000000
2027-06                3         12     88.333333
2027-07                1          7     45.000000
2027-08                1          4     25.000000
2027-09                1          7     70.000000
2027-10                2          9     77.500000
2027-11                4         13    116.250000
2027-12                6         16    137.500000
2028-01                7         18    165.000000
2028-02                6         17    140.000000
2028-03                6         17    180.833333
2028-04                5         16    155.000000
2028-05                6         15    134.166667
2028-06                2          8     52.500000
2028-08                1          6     50.000000
2028-09                2          8     52.500000
2028-10                3         13    133.333333
2028-11                5         16    155.000000
2028-12                6         18    175.000000
2029-01                6         18    177.500000
2029-02                5         17    176.000000
