   launch launch_date phase_case    loi_date science_start  science_months impact_date                                impact_hour_note  n_evening_sessions_pm15d        best_session_istanbul  in_LRO_low_sun_season     p30_A     p30_B     p30_C     p30_P
4      L0  2027-02-15    nominal  2027-04-16    2027-05-17               3  2027-08-26  date only; the hour is set by the orbital pass                       0.0  none (low evening crescent)                  False  0.135417  1.000000  0.909722  0.111111
5      L0  2027-02-15    nominal  2027-04-16    2027-05-17               6  2027-11-25  date only; the hour is set by the orbital pass                       3.0       2027-12-05T19:00+03:00                   True  0.534722  1.000000  1.000000  0.111111
6      L0  2027-02-15    nominal  2027-04-16    2027-05-17              12  2028-05-26  date only; the hour is set by the orbital pass                       2.0       2028-05-30T22:00+03:00                   True  0.479167  0.998264  0.986111  0.196181
7      L0  2027-02-15    nominal  2027-04-16    2027-05-17              18  2028-11-24  date only; the hour is set by the orbital pass                       3.0       2028-11-23T19:00+03:00                  False  0.552083  0.916667  0.916667  0.215278
16     L1  2027-04-15    nominal  2027-06-14    2027-07-15               3  2027-10-24  date only; the hour is set by the orbital pass                       2.0       2027-11-05T20:00+03:00                   True  0.475694  1.000000  0.982639  0.111111
17     L1  2027-04-15    nominal  2027-06-14    2027-07-15               6  2028-01-23  date only; the hour is set by the orbital pass                       3.0       2028-02-02T22:00+03:00                  False  0.562500  1.000000  0.968750  0.111111
18     L1  2027-04-15    nominal  2027-06-14    2027-07-15              12  2028-07-24  date only; the hour is set by the orbital pass                       0.0  none (low evening crescent)                  False  0.000000  1.000000  0.909722  0.156250
19     L1  2027-04-15    nominal  2027-06-14    2027-07-15              18  2029-01-22  date only; the hour is set by the orbital pass                       4.0       2029-01-21T22:00+03:00                  False  0.590278  0.916667  0.916667  0.196181
28     L2  2027-06-15    nominal  2027-08-14    2027-09-14               3  2027-12-24  date only; the hour is set by the orbital pass                       4.0       2028-01-04T22:00+03:00                  False  0.569444  0.996528  0.996528  0.111111
29     L2  2027-06-15    nominal  2027-08-14    2027-09-14               6  2028-03-24  date only; the hour is set by the orbital pass                       3.0       2028-04-01T21:00+03:00                  False  0.562500  1.000000  0.847222  0.111111
30     L2  2027-06-15    nominal  2027-08-14    2027-09-14              12  2028-09-23  date only; the hour is set by the orbital pass                       0.0  none (low evening crescent)                   True  0.211806  1.000000  0.986111  0.222222
31     L2  2027-06-15    nominal  2027-08-14    2027-09-14              18  2029-03-24  date only; the hour is set by the orbital pass                       NaN  outside the computed domain                   True       NaN       NaN       NaN       NaN
40     L3  2027-09-15    nominal  2027-11-14    2027-12-15               3  2028-03-25  date only; the hour is set by the orbital pass                       3.0       2028-04-01T21:00+03:00                  False  0.562500  1.000000  0.847222  0.111111
41     L3  2027-09-15    nominal  2027-11-14    2027-12-15               6  2028-06-24  date only; the hour is set by the orbital pass                       0.0  none (low evening crescent)                  False  0.368056  1.000000  0.953125  0.194444
42     L3  2027-09-15    nominal  2027-11-14    2027-12-15              12  2028-12-24  date only; the hour is set by the orbital pass                       4.0       2028-12-23T22:00+03:00                  False  0.598958  0.916667  0.916667  0.194444
43     L3  2027-09-15    nominal  2027-11-14    2027-12-15              18  2029-06-24  date only; the hour is set by the orbital pass                       NaN  outside the computed domain                  False       NaN       NaN       NaN       NaN
52     L4  2027-12-15    nominal  2028-02-13    2028-03-15               3  2028-06-24  date only; the hour is set by the orbital pass                       0.0  none (low evening crescent)                  False  0.368056  1.000000  0.953125  0.194444
53     L4  2027-12-15    nominal  2028-02-13    2028-03-15               6  2028-09-23  date only; the hour is set by the orbital pass                       0.0  none (low evening crescent)                   True  0.211806  1.000000  0.986111  0.222222
54     L4  2027-12-15    nominal  2028-02-13    2028-03-15              12  2029-03-25  date only; the hour is set by the orbital pass                       NaN  outside the computed domain                   True       NaN       NaN       NaN       NaN
55     L4  2027-12-15    nominal  2028-02-13    2028-03-15              18  2029-09-23  date only; the hour is set by the orbital pass                       NaN  outside the computed domain                  False       NaN       NaN       NaN       NaN
64     L5  2028-04-15    nominal  2028-06-14    2028-07-15               3  2028-10-24  date only; the hour is set by the orbital pass                       1.0       2028-10-24T20:00+03:00                   True  0.458333  1.000000  1.000000  0.223958
65     L5  2028-04-15    nominal  2028-06-14    2028-07-15               6  2029-01-23  date only; the hour is set by the orbital pass                       4.0       2029-01-21T22:00+03:00                  False  0.590278  0.916667  0.916667  0.196181
66     L5  2028-04-15    nominal  2028-06-14    2028-07-15              12  2029-07-25  date only; the hour is set by the orbital pass                       NaN  outside the computed domain                   True       NaN       NaN       NaN       NaN
67     L5  2028-04-15    nominal  2028-06-14    2028-07-15              18  2030-01-23  date only; the hour is set by the orbital pass                       NaN  outside the computed domain                  False       NaN       NaN       NaN       NaN
