grid 96481 steps (1s)
exact station geometry on the grid (28s)
main node   0.0 done (85s)
main node   5.0 done (144s)
main node  10.0 done (203s)
main node  15.0 done (267s)
main node  20.0 done (326s)
main node  25.0 done (385s)
main node  30.0 done (440s)
main node  35.0 done (497s)
main node  40.0 done (563s)
main node  45.0 done (619s)
main node  50.0 done (678s)
main node  55.0 done (735s)
main node  60.0 done (797s)
main node  65.0 done (856s)
main node  70.0 done (916s)
main node  75.0 done (978s)
main node  80.0 done (1035s)
main node  85.0 done (1092s)
main node  90.0 done (1147s)
main node  95.0 done (1205s)
main node 100.0 done (1269s)
main node 105.0 done (1342s)
main node 110.0 done (1399s)
main node 115.0 done (1463s)
main node 120.0 done (1535s)
main node 125.0 done (1607s)
main node 130.0 done (1667s)
main node 135.0 done (1725s)
main node 140.0 done (1801s)
main node 145.0 done (1888s)
main node 150.0 done (1963s)
main node 155.0 done (2033s)
main node 160.0 done (2115s)
main node 165.0 done (2199s)
main node 170.0 done (2283s)
main node 175.0 done (2354s)
main node 180.0 done (2442s)
main node 185.0 done (2523s)
main node 190.0 done (2616s)
main node 195.0 done (2709s)
main node 200.0 done (2793s)
main node 205.0 done (2881s)
main node 210.0 done (2971s)
main node 215.0 done (3053s)
main node 220.0 done (3113s)
main node 225.0 done (3172s)
main node 230.0 done (3231s)
main node 235.0 done (3287s)
main node 240.0 done (3343s)
main node 245.0 done (3399s)
main node 250.0 done (3456s)
main node 255.0 done (3503s)
main node 260.0 done (3537s)
main node 265.0 done (3568s)
main node 270.0 done (3598s)
main node 275.0 done (3632s)
main node 280.0 done (3661s)
main node 285.0 done (3694s)
main node 290.0 done (3724s)
main node 295.0 done (3756s)
main node 300.0 done (3788s)
main node 305.0 done (3821s)
main node 310.0 done (3853s)
main node 315.0 done (3885s)
main node 320.0 done (3921s)
main node 325.0 done (3953s)
main node 330.0 done (3985s)
main node 335.0 done (4018s)
main node 340.0 done (4050s)
main node 345.0 done (4085s)
main node 350.0 done (4118s)
main node 355.0 done (4154s)
main: burn-to-impact check on 61 entries: max miss 0.42 km, max impact-time error 0.0 s
quantity                      flash_cov3  flash_tr  plume_tr
delta region                                                
0.6   eastern limb region           4.27      1.09      0.00
      far side                      0.06      0.02      0.00
      near side central             5.29      1.41      0.18
      northern high latitude        8.37      2.15      0.34
      polar                         9.19      2.43      0.78
      southern high latitude        8.63      2.31      0.38
      western limb region           4.39      1.12      0.00
2.5   eastern limb region          17.76      4.53      0.01
      far side                      0.24      0.07      0.00
      near side central            22.06      5.88      0.73
      northern high latitude       34.94      8.98      1.43
      polar                        40.33     10.67      3.36
      southern high latitude       36.02      9.63      1.58
      western limb region          18.30      4.68      0.02
incl88_j2 node   0.0 done (4220s)
incl88_j2 node  10.0 done (4278s)
incl88_j2 node  20.0 done (4339s)
incl88_j2 node  30.0 done (4400s)
incl88_j2 node  40.0 done (4463s)
incl88_j2 node  50.0 done (4523s)
incl88_j2 node  60.0 done (4582s)
incl88_j2 node  70.0 done (4646s)
incl88_j2 node  80.0 done (4709s)
incl88_j2 node  90.0 done (4772s)
incl88_j2 node 100.0 done (4836s)
incl88_j2 node 110.0 done (4900s)
incl88_j2 node 120.0 done (4963s)
incl88_j2 node 130.0 done (5025s)
incl88_j2 node 140.0 done (5059s)
incl88_j2 node 150.0 done (5092s)
incl88_j2 node 160.0 done (5154s)
incl88_j2 node 170.0 done (5216s)
incl88_j2 node 180.0 done (5300s)
incl88_j2 node 190.0 done (5373s)
incl88_j2 node 200.0 done (5435s)
incl88_j2 node 210.0 done (5495s)
incl88_j2 node 220.0 done (5557s)
incl88_j2 node 230.0 done (5620s)
incl88_j2 node 240.0 done (5679s)
incl88_j2 node 250.0 done (5737s)
incl88_j2 node 260.0 done (5799s)
incl88_j2 node 270.0 done (5858s)
incl88_j2 node 280.0 done (5921s)
incl88_j2 node 290.0 done (5981s)
incl88_j2 node 300.0 done (6043s)
incl88_j2 node 310.0 done (6095s)
incl88_j2 node 320.0 done (6129s)
incl88_j2 node 330.0 done (6164s)
incl88_j2 node 340.0 done (6201s)
incl88_j2 node 350.0 done (6255s)
incl88_j2: burn-to-impact check on 61 entries: max miss 0.47 km, max impact-time error 0.0 s
total 6264s
